Archive member included because of file (symbol)

/opt/esp-open-sdk/sdk/lib/libmain.a(debug-vector.o)
                              (_DebugExceptionVector)
/opt/esp-open-sdk/sdk/lib/libmain.a(double-vector.o)
                              (_DoubleExceptionVector)
/opt/esp-open-sdk/sdk/lib/libmain.a(kernel-vector.o)
                              (_KernelExceptionVector)
/opt/esp-open-sdk/sdk/lib/libmain.a(nmi-vector.o)
                              (_NMIExceptionVector)
/opt/esp-open-sdk/sdk/lib/libmain.a(user-vector.o)
                              (_UserExceptionVector)
/opt/esp-open-sdk/sdk/lib/libmain.a(vector.o)
                              (call_user_start)
/opt/esp-open-sdk/sdk/lib/libmain.a(app_main.o)
                              /opt/esp-open-sdk/sdk/lib/libmain.a(nmi-vector.o) (NMI_Handler)
/opt/esp-open-sdk/sdk/lib/libmain.a(ets_timer.o)
                              /opt/esp-open-sdk/sdk/lib/libmain.a(app_main.o) (ets_timer_setfn)
/opt/esp-open-sdk/sdk/lib/libmain.a(mem_manager.o)
                              /opt/esp-open-sdk/sdk/lib/libmain.a(app_main.o) (pvPortMalloc)
/opt/esp-open-sdk/sdk/lib/libmain.a(spi_flash.o)
                              /opt/esp-open-sdk/sdk/lib/libmain.a(app_main.o) (spi_flash_read)
/opt/esp-open-sdk/sdk/lib/libmain.a(user_interface.o)
                              /opt/esp-open-sdk/sdk/lib/libmain.a(app_main.o) (done_cb)
/opt/esp-open-sdk/sdk/lib/libmain.a(eagle_lib.o)
                              /opt/esp-open-sdk/sdk/lib/libmain.a(user_interface.o) (ets_sprintf)
/opt/esp-open-sdk/sdk/lib/libmain.a(eagle_lwip_if.o)
                              /opt/esp-open-sdk/sdk/lib/libmain.a(user_interface.o) (hostname)
/opt/Sming/Sming/compiler/lib//libsming.a(user_main.o)
                              /opt/esp-open-sdk/sdk/lib/libmain.a(app_main.o) (user_init)
/opt/Sming/Sming/compiler/lib//libsming.a(System.o)
                              /opt/Sming/Sming/compiler/lib//libsming.a(user_main.o) (SystemClass::initialize())
/opt/Sming/Sming/compiler/lib//libsming.a(esp_cplusplus.o)
                              /opt/Sming/Sming/compiler/lib//libsming.a(user_main.o) (cpp_core_initialize)
/opt/Sming/Sming/compiler/lib//libsming.a(m_printf.o)
                              /opt/Sming/Sming/compiler/lib//libsming.a(esp_cplusplus.o) (m_printf)
/opt/Sming/Sming/compiler/lib//libsming.a(stringconversion.o)
                              /opt/Sming/Sming/compiler/lib//libsming.a(m_printf.o) (ltoa_w)
/opt/Sming/Sming/compiler/lib//libsming.a(IPAddress.o)
                              /opt/Sming/Sming/compiler/lib//libsming.a(user_main.o) (IPAddress::IPAddress(unsigned char, unsigned char, unsigned char, unsigned char))
/opt/Sming/Sming/compiler/lib//libsming.a(Print.o)
                              /opt/Sming/Sming/compiler/lib//libsming.a(IPAddress.o) (Print::print(char))
/opt/Sming/Sming/compiler/lib//libsming.a(WString.o)
                              /opt/Sming/Sming/compiler/lib//libsming.a(IPAddress.o) (String::~String())
/opt/Sming/Sming/compiler/lib//libsming.a(Interrupts.o)
                              /opt/Sming/Sming/compiler/lib//libsming.a(System.o) (noInterrupts())
/opt/Sming/Sming/compiler/lib//libsming.a(Digital.o)
                              /opt/Sming/Sming/compiler/lib//libsming.a(Interrupts.o) (pinMode(unsigned short, unsigned char))
out/build/app_app.a(application.o)
                              /opt/Sming/Sming/compiler/lib//libsming.a(user_main.o) (init())
out/build/app_app.a(led.o)    out/build/app_app.a(application.o) (ledInit())
out/build/app_app.a(wifi.o)   out/build/app_app.a(application.o) (wifiConfig())
out/build/app_app.a(server_ftp.o)
                              out/build/app_app.a(wifi.o) (startFTP())
out/build/app_app.a(web_api.o)
                              out/build/app_app.a(wifi.o) (configApi())
out/build/app_app.a(web_http.o)
                              out/build/app_app.a(wifi.o) (configHttp())
out/build/app_app.a(web_socket.o)
                              out/build/app_app.a(wifi.o) (configWebSocket())
/opt/Sming/Sming/compiler/lib//libmicroc.a(isspace.o)
                              /opt/Sming/Sming/compiler/lib//libsming.a(WString.o) (isspace)
/opt/Sming/Sming/compiler/lib//libmicroc.a(tolower.o)
                              /opt/Sming/Sming/compiler/lib//libsming.a(WString.o) (tolower)
/opt/Sming/Sming/compiler/lib//libmicroc.a(toupper.o)
                              /opt/Sming/Sming/compiler/lib//libsming.a(WString.o) (toupper)
/opt/Sming/Sming/compiler/lib//libmicroc.a(atof.o)
                              /opt/Sming/Sming/compiler/lib//libsming.a(WString.o) (atof)
/opt/Sming/Sming/compiler/lib//libmicroc.a(atoi.o)
                              /opt/Sming/Sming/compiler/lib//libsming.a(WString.o) (atoi)
/opt/Sming/Sming/compiler/lib//libmicroc.a(strtod.o)
                              /opt/Sming/Sming/compiler/lib//libmicroc.a(atof.o) (strtod)
/opt/Sming/Sming/compiler/lib//libmicroc.a(__fpclassify.o)
[...]
Memory Configuration

Name             Origin             Length             Attributes
dport0_0_seg     0x000000003ff00000 0x0000000000000010
dram0_0_seg      0x000000003ffe8000 0x0000000000014000
iram1_0_seg      0x0000000040100000 0x0000000000008000
irom0_0_seg      0x0000000040209000 0x0000000000078000
*default*        0x0000000000000000 0xffffffffffffffff

Linker script and memory map

START GROUP
LOAD /opt/Sming/Sming/compiler/lib//libmicroc.a
LOAD /opt/Sming/Sming/compiler/lib//libmicrogcc.a
LOAD /opt/esp-open-sdk/xtensa-lx106-elf/bin/../lib/gcc/xtensa-lx106-elf/5.1.0/../../../../xtensa-lx106-elf/lib/libhal.a
LOAD /opt/esp-open-sdk/sdk/lib/libphy.a
LOAD /opt/esp-open-sdk/sdk/lib/libpp.a
LOAD /opt/esp-open-sdk/sdk/lib/libnet80211.a
LOAD /opt/esp-open-sdk/sdk/lib/liblwip.a
LOAD /opt/esp-open-sdk/sdk/lib/libwpa.a
LOAD /opt/esp-open-sdk/sdk/lib/libmain.a
LOAD /opt/Sming/Sming/compiler/lib//libsming.a
LOAD /opt/esp-open-sdk/sdk/lib/libcrypto.a
LOAD /opt/esp-open-sdk/sdk/lib/libpwm.a
LOAD /opt/esp-open-sdk/sdk/lib/libsmartconfig.a
LOAD out/build/app_app.a
END GROUP
                0x0000000040000000                PROVIDE (_memmap_vecbase_reset, 0x40000000)
                0x0000000000000110                _memmap_cacheattr_wb_base = 0x110
                0x0000000000000110                _memmap_cacheattr_wt_base = 0x110
                0x0000000000000220                _memmap_cacheattr_bp_base = 0x220
                0x00000000fffff00f                _memmap_cacheattr_unused_mask = 0xfffff00f
                0x000000002222211f                _memmap_cacheattr_wb_trapnull = 0x2222211f
                0x000000002222211f                _memmap_cacheattr_wba_trapnull = 0x2222211f
                0x000000002222211f                _memmap_cacheattr_wbna_trapnull = 0x2222211f
                0x000000002222211f                _memmap_cacheattr_wt_trapnull = 0x2222211f
                0x000000002222222f                _memmap_cacheattr_bp_trapnull = 0x2222222f
                0x00000000fffff11f                _memmap_cacheattr_wb_strict = 0xfffff11f
                0x00000000fffff11f                _memmap_cacheattr_wt_strict = 0xfffff11f
                0x00000000fffff22f                _memmap_cacheattr_bp_strict = 0xfffff22f
                0x0000000022222112                _memmap_cacheattr_wb_allvalid = 0x22222112
                0x0000000022222112                _memmap_cacheattr_wt_allvalid = 0x22222112
                0x0000000022222222                _memmap_cacheattr_bp_allvalid = 0x22222222
                0x000000002222211f                PROVIDE (_memmap_cacheattr_reset, _memmap_cacheattr_wb_trapnull)

.dport0.rodata  0x000000003ff00000        0x0
                0x000000003ff00000                _dport0_rodata_start = ABSOLUTE (.)
 *(.dport0.rodata)
 *(.dport.rodata)
                0x000000003ff00000                _dport0_rodata_end = ABSOLUTE (.)

.dport0.literal
                0x000000003ff00000        0x0
                0x000000003ff00000                _dport0_literal_start = ABSOLUTE (.)
 *(.dport0.literal)
 *(.dport.literal)
                0x000000003ff00000                _dport0_literal_end = ABSOLUTE (.)

.dport0.data    0x000000003ff00000        0x0
                0x000000003ff00000                _dport0_data_start = ABSOLUTE (.)
 *(.dport0.data)
 *(.dport.data)
                0x000000003ff00000                _dport0_data_end = ABSOLUTE (.)

.data           0x000000003ffe8000      0x374
                0x000000003ffe8000                _data_start = ABSOLUTE (.)
 *(.data)
 .data          0x000000003ffe8000        0x4 /opt/esp-open-sdk/sdk/lib/libmain.a(nmi-vector.o)
                0x000000003ffe8000                _Pri_3_HandlerAddress
 .data          0x000000003ffe8004        0x1 /opt/esp-open-sdk/sdk/lib/libmain.a(app_main.o)
 *fill*         0x000000003ffe8005        0x3 
 .data          0x000000003ffe8008        0x6 /opt/esp-open-sdk/sdk/lib/libmain.a(user_interface.o)
                0x000000003ffe8009                timer2_ms_flag
                0x000000003ffe800a                dhcps_flag
                0x000000003ffe800b                dhcpc_flag
                0x000000003ffe800d                reconnect_internal
 *fill*         0x000000003ffe800e        0x2 
 .data          0x000000003ffe8010        0x1 /opt/esp-open-sdk/sdk/lib/libmain.a(eagle_lwip_if.o)
                0x000000003ffe8010                default_hostname
 *fill*         0x000000003ffe8011        0xf 
 .data          0x000000003ffe8020       0x53 /opt/esp-open-sdk/sdk/lib/libphy.a(phy_chip_v6.o)
                0x000000003ffe8022                tx_rf_ana_gain
                0x000000003ffe8050                rx_gain_swp
                0x000000003ffe8070                test_rffreq_txcap
 *fill*         0x000000003ffe8073        0x1 
 .data          0x000000003ffe8074        0x4 /opt/esp-open-sdk/sdk/lib/libphy.a(phy_sleep.o)
                0x000000003ffe8074                chip_version
 .data          0x000000003ffe8078        0x1 /opt/esp-open-sdk/sdk/lib/libpp.a(pm.o)
 *fill*         0x000000003ffe8079        0x3 
 .data          0x000000003ffe807c        0x1 /opt/esp-open-sdk/sdk/lib/libpp.a(pm_for_bcn_only_mode.o)
 *fill*         0x000000003ffe807d        0x3 
 .data          0x000000003ffe8080       0x1c /opt/esp-open-sdk/sdk/lib/libpp.a(pp.o)
                0x000000003ffe8080                soft_wdt_interval
                0x000000003ffe8084                NoiseTimerInterval
                0x000000003ffe808c                sleep_start_wait_time
                0x000000003ffe8094                CanDoFreqCal
                0x000000003ffe8098                tcb
 *fill*         0x000000003ffe809c        0x4 
 .data          0x000000003ffe80a0       0x40 /opt/esp-open-sdk/sdk/lib/libpp.a(rate_control.o)
 .data          0x000000003ffe80e0      0x24c /opt/esp-open-sdk/sdk/lib/libpp.a(trc.o)
 .data          0x000000003ffe832c        0x8 /opt/esp-open-sdk/sdk/lib/libpp.a(wdev.o)
 .data          0x000000003ffe8334        0x1 /opt/esp-open-sdk/sdk/lib/libnet80211.a(ieee80211_hostap.o)
                0x000000003ffe8334                TmpSTAAPCloseAP
 *fill*         0x000000003ffe8335        0x3 
 .data          0x000000003ffe8338        0x1 /opt/esp-open-sdk/sdk/lib/libnet80211.a(wl_cnx.o)
 *fill*         0x000000003ffe8339        0x7 
 .data          0x000000003ffe8340       0x1c /opt/esp-open-sdk/sdk/lib/libnet80211.a(ieee80211_action.o)
 .data          0x000000003ffe835c        0x4 /opt/esp-open-sdk/sdk/lib/liblwip.a(dhcp.o)
 .data          0x000000003ffe8360        0x5 /opt/esp-open-sdk/sdk/lib/liblwip.a(dhcpserver.o)
                0x000000003ffe8360                dhcps_lease_time
 *fill*         0x000000003ffe8365        0x3 
 .data          0x000000003ffe8368        0x8 /opt/esp-open-sdk/sdk/lib/liblwip.a(tcp.o)
 *(.data.*)
 .data.cbc_printchar
                0x000000003ffe8370        0x4 /opt/Sming/Sming/compiler/lib//libsming.a(m_printf.o)
                0x000000003ffe8370                cbc_printchar
 *(.gnu.linkonce.d.*)
 *(.data1)
 *(.sdata)
 *(.sdata.*)
 *(.gnu.linkonce.s.*)
 *(.sdata2)
 *(.sdata2.*)
 *(.gnu.linkonce.s2.*)
 *(.jcr)
                0x000000003ffe8374                _data_end = ABSOLUTE (.)

.rodata         0x000000003ffe8378     0x213c
                0x000000003ffe8378                _rodata_start = ABSOLUTE (.)
 *(.sdk.version)
 .sdk.version   0x000000003ffe8378        0x6 /opt/esp-open-sdk/sdk/lib/libmain.a(app_main.o)
                0x000000003ffe8378                SDK_VERSION
 *(.rodata)
 *fill*         0x000000003ffe837e        0x2 
 .rodata        0x000000003ffe8380        0x8 /opt/esp-open-sdk/sdk/lib/libphy.a(phy_chip_v6.o)
 .rodata        0x000000003ffe8388        0x4 /opt/esp-open-sdk/sdk/lib/libpp.a(pp.o)
 .rodata        0x000000003ffe838c        0x8 /opt/esp-open-sdk/sdk/lib/libnet80211.a(ieee80211_hostap.o)
 .rodata        0x000000003ffe8394        0x9 /opt/esp-open-sdk/sdk/lib/libnet80211.a(ieee80211_output.o)
 *fill*         0x000000003ffe839d        0x3 
 .rodata        0x000000003ffe83a0        0x6 /opt/esp-open-sdk/sdk/lib/liblwip.a(etharp.o)
                0x000000003ffe83a0                ethbroadcast
 *fill*         0x000000003ffe83a6        0x2 
 .rodata        0x000000003ffe83a8       0x14 /opt/Sming/Sming/compiler/lib//libsming.a(WebSocket.o)
 *(.rodata.*)
 .rodata.str1.4
                0x000000003ffe83bc        0xc /opt/esp-open-sdk/sdk/lib/libmain.a(app_main.o)
 .rodata.str1.4
                0x000000003ffe83c8        0x4 /opt/esp-open-sdk/sdk/lib/libmain.a(ets_timer.o)
                                          0xc (size before relaxing)
 .rodata.str1.4
                0x000000003ffe83cc       0x1a /opt/esp-open-sdk/sdk/lib/libmain.a(mem_manager.o)
 *fill*         0x000000003ffe83e6        0x2 
 .rodata._ZL14EspDigitalPins
                0x000000003ffe83e8       0xc0 /opt/Sming/Sming/compiler/lib//libsming.a(user_main.o)
 .rodata._ZTV6VectorI8DelegateIFvvEEE
                0x000000003ffe84a8       0x1c /opt/Sming/Sming/compiler/lib//libsming.a(System.o)
                0x000000003ffe84a8                vtable for Vector<Delegate<void ()> >
 .rodata._ZTV6VectorIP19ISystemReadyHandlerE
                0x000000003ffe84c4       0x1c /opt/Sming/Sming/compiler/lib//libsming.a(System.o)
                0x000000003ffe84c4                vtable for Vector<ISystemReadyHandler*>
 .rodata.str1.1
                0x000000003ffe84e0       0x21 /opt/Sming/Sming/compiler/lib//libsming.a(stringconversion.o)
 .rodata.str1.1
                0x000000003ffe8501        0xf /opt/Sming/Sming/compiler/lib//libsming.a(IPAddress.o)
                                         0x10 (size before relaxing)
 .rodata._ZTV9IPAddress
                0x000000003ffe8510        0xc /opt/Sming/Sming/compiler/lib//libsming.a(IPAddress.o)
                0x000000003ffe8510                vtable for IPAddress
 .rodata.str1.1
                0x000000003ffe851c        0x8 /opt/Sming/Sming/compiler/lib//libsming.a(Print.o)
                                          0xe (size before relaxing)
 .rodata.str1.1
                0x0000000000000000        0x1 /opt/Sming/Sming/compiler/lib//libsming.a(WString.o)
 .rodata.str1.1
                0x000000003ffe8524       0x23 /opt/Sming/Sming/compiler/lib//libsming.a(Digital.o)
 *fill*         0x000000003ffe8547        0x1 
 .rodata._ZL14EspDigitalPins
                0x000000003ffe8548       0xc0 /opt/Sming/Sming/compiler/lib//libsming.a(Digital.o)
 .rodata.str1.1
                0x000000003ffe8608       0x44 out/build/app_app.a(wifi.o)
                                         0x45 (size before relaxing)
 .rodata._ZTV14FunctionCallerIPFvvEvJEE
                0x000000003ffe864c       0x14 out/build/app_app.a(wifi.o)
                0x000000003ffe864c                vtable for FunctionCaller<void (*)(), void>
 .rodata.str1.1
                0x000000003ffe8660       0x58 out/build/app_app.a(server_ftp.o)
                                         0x5a (size before relaxing)
 .rodata.str1.1
                0x000000003ffe86b8       0x49 out/build/app_app.a(web_api.o)
                                         0x58 (size before relaxing)
 *fill*         0x000000003ffe8701        0x3 
 .rodata._ZTV14FunctionCallerIPFvR11HttpRequestR12HttpResponseEvJS1_S3_EE
                0x000000003ffe8704       0x14 out/build/app_app.a(web_api.o)
                0x000000003ffe8704                vtable for FunctionCaller<void (*)(HttpRequest&, HttpResponse&), void, HttpRequest&, HttpResponse&>
 .rodata.str1.1
                0x000000003ffe8718       0x20 out/build/app_app.a(web_http.o)
                                         0x2b (size before relaxing)
 .rodata.str1.1
                0x000000003ffe8738       0x90 out/build/app_app.a(web_socket.o)
 .rodata._ZTV14FunctionCallerIPFvR9WebSocketEvJS1_EE
                0x000000003ffe87c8       0x14 out/build/app_app.a(web_socket.o)
                0x000000003ffe87c8                vtable for FunctionCaller<void (*)(WebSocket&), void, WebSocket&>
 .rodata._ZTV14FunctionCallerIPFvR9WebSocketRK6StringEvJS1_S4_EE
                0x000000003ffe87dc       0x14 out/build/app_app.a(web_socket.o)
                0x000000003ffe87dc                vtable for FunctionCaller<void (*)(WebSocket&, String const&), void, WebSocket&, String const&>
 .rodata.str1.1
                0x000000003ffe87f0        0xc /opt/Sming/Sming/compiler/lib//libmicroc.a(abort.o)
 .rodata.str1.4
                0x000000003ffe87fc        0x4 /opt/esp-open-sdk/sdk/lib/libpp.a(lmac.o)
                                          0xc (size before relaxing)
 .rodata.str1.4
                0x000000003ffe8800        0x4 /opt/esp-open-sdk/sdk/lib/libpp.a(pm_for_bcn_only_mode.o)
                                          0xc (size before relaxing)
 .rodata.str1.4
                0x000000003ffe8804        0x8 /opt/esp-open-sdk/sdk/lib/libpp.a(pp.o)
                                         0x10 (size before relaxing)
 .rodata.str1.4
                0x000000003ffe880c        0x4 /opt/esp-open-sdk/sdk/lib/libpp.a(wdev.o)
                                          0xc (size before relaxing)
 .rodata.str1.4
                0x000000003ffe8810        0x3 /opt/esp-open-sdk/sdk/lib/libnet80211.a(ieee80211_hostap.o)
                                          0x8 (size before relaxing)
 *fill*         0x000000003ffe8813        0x1 
 .rodata.str1.4
                0x000000003ffe8814        0x7 /opt/esp-open-sdk/sdk/lib/libnet80211.a(ieee80211_mesh_quick.o)
 .rodata.str1.4
                0x0000000000000000        0x4 /opt/esp-open-sdk/sdk/lib/libnet80211.a(ieee80211_sta.o)
 .rodata.str1.4
                0x0000000000000000        0x4 /opt/esp-open-sdk/sdk/lib/libnet80211.a(ieee80211_action_vendor.o)
 .rodata.str1.4
                0x0000000000000000        0x4 /opt/esp-open-sdk/sdk/lib/libnet80211.a(ieee80211_ie_vendor.o)
 .rodata.str1.4
                0x0000000000000000        0x7 /opt/esp-open-sdk/sdk/lib/liblwip.a(espconn_tcp.o)
                                          0x1 (size before relaxing)
 *fill*         0x000000003ffe881b        0x1 
 .rodata.str1.4
                0x000000003ffe881c       0x10 /opt/esp-open-sdk/sdk/lib/libwpa.a(wpa_debug.o)
                                          0xd (size before relaxing)
 .rodata.str1.1
                0x000000003ffe882c      0x157 /opt/Sming/Sming/compiler/lib//libsming.a(spiffs_sming.o)
                                        0x165 (size before relaxing)
 .rodata.str1.1
                0x000000003ffe8983      0x13c /opt/Sming/Sming/compiler/lib//libsming.a(DataSourceStream.o)
                                        0x13d (size before relaxing)
 *fill*         0x000000003ffe8abf        0x1 
 .rodata._ZTVN11ArduinoJson9Internals15BlockJsonBufferINS0_16DefaultAllocatorEEE
                0x000000003ffe8ac0        0xc /opt/Sming/Sming/compiler/lib//libsming.a(DataSourceStream.o)
                0x000000003ffe8ac0                vtable for ArduinoJson::Internals::BlockJsonBuffer<ArduinoJson::Internals::DefaultAllocator>
 .rodata._ZTV16MemoryDataStream
                0x000000003ffe8acc       0x48 /opt/Sming/Sming/compiler/lib//libsming.a(DataSourceStream.o)
                0x000000003ffe8acc                vtable for MemoryDataStream
 .rodata._ZTV10FileStream
                0x000000003ffe8b14       0x2c /opt/Sming/Sming/compiler/lib//libsming.a(DataSourceStream.o)
                0x000000003ffe8b14                vtable for FileStream
 .rodata._ZTV18TemplateFileStream
                0x000000003ffe8b40       0x2c /opt/Sming/Sming/compiler/lib//libsming.a(DataSourceStream.o)
                0x000000003ffe8b40                vtable for TemplateFileStream
 .rodata._ZTV16JsonObjectStream
                0x000000003ffe8b6c       0x48 /opt/Sming/Sming/compiler/lib//libsming.a(DataSourceStream.o)
                0x000000003ffe8b6c                vtable for JsonObjectStream
 .rodata.str1.1
                0x000000003ffe8bb4       0x34 /opt/Sming/Sming/compiler/lib//libsming.a(FileSystem.o)
                                         0x37 (size before relaxing)
 .rodata._ZTV6VectorI6StringE
                0x000000003ffe8be8       0x1c /opt/Sming/Sming/compiler/lib//libsming.a(FileSystem.o)
                0x000000003ffe8be8                vtable for Vector<String>
 .rodata.str1.1
                0x0000000000000000       0x34 /opt/Sming/Sming/compiler/lib//libsming.a(HardwareSerial.o)
                                          0x3 (size before relaxing)
 .rodata._ZTV14HardwareSerial
                0x000000003ffe8c04       0x20 /opt/Sming/Sming/compiler/lib//libsming.a(HardwareSerial.o)
                0x000000003ffe8c04                vtable for HardwareSerial
 .rodata.str1.1
                0x000000003ffe8c24       0x4f /opt/Sming/Sming/compiler/lib//libsming.a(FTPServer.o)
                                         0x50 (size before relaxing)
 *fill*         0x000000003ffe8c73        0x1 
 .rodata._ZTV9FTPServer
                0x000000003ffe8c74       0x54 /opt/Sming/Sming/compiler/lib//libsming.a(FTPServer.o)
                0x000000003ffe8c74                vtable for FTPServer
 .rodata.str1.1
                0x000000003ffe8cc8      0x1a5 /opt/Sming/Sming/compiler/lib//libsming.a(FTPServerConnection.o)
                                        0x1b1 (size before relaxing)
 *fill*         0x000000003ffe8e6d        0x3 
 .rodata._ZTV13FTPDataStream
                0x000000003ffe8e70       0x3c /opt/Sming/Sming/compiler/lib//libsming.a(FTPServerConnection.o)
                0x000000003ffe8e70                vtable for FTPDataStream
 .rodata._ZTV15FTPDataFileList
                0x000000003ffe8eac       0x3c /opt/Sming/Sming/compiler/lib//libsming.a(FTPServerConnection.o)
                0x000000003ffe8eac                vtable for FTPDataFileList
 .rodata._ZTV15FTPDataRetrieve
                0x000000003ffe8ee8       0x3c /opt/Sming/Sming/compiler/lib//libsming.a(FTPServerConnection.o)
                0x000000003ffe8ee8                vtable for FTPDataRetrieve
 .rodata._ZTV12FTPDataStore
                0x000000003ffe8f24       0x3c /opt/Sming/Sming/compiler/lib//libsming.a(FTPServerConnection.o)
                0x000000003ffe8f24                vtable for FTPDataStore
 .rodata._ZTV19FTPServerConnection
                0x000000003ffe8f60       0x40 /opt/Sming/Sming/compiler/lib//libsming.a(FTPServerConnection.o)
                0x000000003ffe8f60                vtable for FTPServerConnection
 .rodata.str1.1
                0x000000003ffe8fa0      0x100 /opt/Sming/Sming/compiler/lib//libsming.a(HttpRequest.o)
                                        0x10d (size before relaxing)
 .rodata._ZTV11HttpRequest
                0x000000003ffe90a0       0x10 /opt/Sming/Sming/compiler/lib//libsming.a(HttpRequest.o)
                0x000000003ffe90a0                vtable for HttpRequest
 .rodata.str1.1
                0x000000003ffe90b0      0x1bd /opt/Sming/Sming/compiler/lib//libsming.a(HttpResponse.o)
                                        0x1ec (size before relaxing)
 *fill*         0x000000003ffe926d        0x3 
 .rodata._ZTV12HttpResponse
                0x000000003ffe9270       0x10 /opt/Sming/Sming/compiler/lib//libsming.a(HttpResponse.o)
                0x000000003ffe9270                vtable for HttpResponse
 .rodata.str1.1
                0x000000003ffe9280      0x115 /opt/Sming/Sming/compiler/lib//libsming.a(HttpServer.o)
                                        0x143 (size before relaxing)
 *fill*         0x000000003ffe9395        0x3 
 .rodata._ZTV6VectorI9WebSocketE
                0x000000003ffe9398       0x1c /opt/Sming/Sming/compiler/lib//libsming.a(HttpServer.o)
                0x000000003ffe9398                vtable for Vector<WebSocket>
 .rodata._ZTV10HttpServer
                0x000000003ffe93b4       0x5c /opt/Sming/Sming/compiler/lib//libsming.a(HttpServer.o)
                0x000000003ffe93b4                vtable for HttpServer
 .rodata._ZTV12MethodCallerIM10HttpServerFvR20HttpServerConnectionEE
                0x000000003ffe9410       0x14 /opt/Sming/Sming/compiler/lib//libsming.a(HttpServer.o)
                0x000000003ffe9410                vtable for MethodCaller<void (HttpServer::*)(HttpServerConnection&)>
 .rodata.str1.1
                0x000000003ffe9424       0xf1 /opt/Sming/Sming/compiler/lib//libsming.a(HttpServerConnection.o)
                                         0xfb (size before relaxing)
 *fill*         0x000000003ffe9515        0x3 
 .rodata._ZTV20HttpServerConnection
                0x000000003ffe9518       0x40 /opt/Sming/Sming/compiler/lib//libsming.a(HttpServerConnection.o)
                0x000000003ffe9518                vtable for HttpServerConnection
 .rodata.str1.1
                0x000000003ffe9558      0x203 /opt/Sming/Sming/compiler/lib//libsming.a(TcpConnection.o)
                                        0x220 (size before relaxing)
 *fill*         0x000000003ffe975b        0x1 
 .rodata._ZTV13TcpConnection
                0x000000003ffe975c       0x38 /opt/Sming/Sming/compiler/lib//libsming.a(TcpConnection.o)
                0x000000003ffe975c                vtable for TcpConnection
 .rodata.str1.1
                0x000000003ffe9794      0x13e /opt/Sming/Sming/compiler/lib//libsming.a(TcpServer.o)
 *fill*         0x000000003ffe98d2        0x2 
 .rodata._ZTV9TcpServer
                0x000000003ffe98d4       0x50 /opt/Sming/Sming/compiler/lib//libsming.a(TcpServer.o)
                0x000000003ffe98d4                vtable for TcpServer
 .rodata._ZTV12MethodCallerIM9TcpServerFbR9TcpClientPciEE
                0x000000003ffe9924       0x14 /opt/Sming/Sming/compiler/lib//libsming.a(TcpServer.o)
                0x000000003ffe9924                vtable for MethodCaller<bool (TcpServer::*)(TcpClient&, char*, int)>
 .rodata._ZTV12MethodCallerIM9TcpServerFvR9TcpClientbEE
                0x000000003ffe9938       0x14 /opt/Sming/Sming/compiler/lib//libsming.a(TcpServer.o)
                0x000000003ffe9938                vtable for MethodCaller<void (TcpServer::*)(TcpClient&, bool)>
 .rodata.str1.1
                0x000000003ffe994c       0x15 /opt/Sming/Sming/compiler/lib//libsming.a(WebSocket.o)
                                         0x5b (size before relaxing)
 *fill*         0x000000003ffe9961        0x3 
 .rodata._ZTV9WebSocket
                0x000000003ffe9964        0xc /opt/Sming/Sming/compiler/lib//libsming.a(WebSocket.o)
                0x000000003ffe9964                vtable for WebSocket
 .rodata.str1.1
                0x000000003ffe9970      0x128 /opt/Sming/Sming/compiler/lib//libsming.a(AccessPoint.o)
                                        0x12b (size before relaxing)
 .rodata._ZTV16AccessPointClass
                0x000000003ffe9a98       0x14 /opt/Sming/Sming/compiler/lib//libsming.a(AccessPoint.o)
                0x000000003ffe9a98                vtable for AccessPointClass
 .rodata.str1.1
                0x000000003ffe9aac      0x228 /opt/Sming/Sming/compiler/lib//libsming.a(Station.o)
                                        0x2a3 (size before relaxing)
 .rodata._ZTV12StationClass
                0x000000003ffe9cd4       0x14 /opt/Sming/Sming/compiler/lib//libsming.a(Station.o)
                0x000000003ffe9cd4                vtable for StationClass
 .rodata._ZTV6VectorI7BssInfoE
                0x000000003ffe9ce8       0x1c /opt/Sming/Sming/compiler/lib//libsming.a(Station.o)
                0x000000003ffe9ce8                vtable for Vector<BssInfo>
 .rodata._ZTV8WDTClass
                0x000000003ffe9d04       0x14 /opt/Sming/Sming/compiler/lib//libsming.a(WDT.o)
                0x000000003ffe9d04                vtable for WDTClass
 .rodata.str1.1
                0x000000003ffe9d18        0xb /opt/Sming/Sming/compiler/lib//libsming.a(ArduinoJson.o)
                                         0x11 (size before relaxing)
 .rodata._ZN11ArduinoJson9Internals8Encoding12_escapeTableE
                0x000000003ffe9d23        0xf /opt/Sming/Sming/compiler/lib//libsming.a(ArduinoJson.o)
                0x000000003ffe9d23                ArduinoJson::Internals::Encoding::_escapeTable
 .rodata.str1.1
                0x000000003ffe9d32       0xf3 /opt/Sming/Sming/compiler/lib//libsming.a(CommandExecutor.o)
                                         0xf8 (size before relaxing)
 .rodata.str1.1
                0x000000003ffe9e25      0x3ac /opt/Sming/Sming/compiler/lib//libsming.a(CommandHandler.o)
                                        0x3bb (size before relaxing)
 .rodata.str1.1
                0x000000003ffea1d1        0xb /opt/Sming/Sming/compiler/lib//libsming.a(CommandOutput.o)
                                          0xc (size before relaxing)
 .rodata._ZTV13CommandOutput
                0x000000003ffea1dc       0x18 /opt/Sming/Sming/compiler/lib//libsming.a(CommandOutput.o)
                0x000000003ffea1dc                vtable for CommandOutput
 .rodata._ZL13base64enc_tab
                0x000000003ffea1f4       0x41 /opt/Sming/Sming/compiler/lib//libsming.a(base64.o)
 .rodata.str1.1
                0x000000003ffea235       0x35 /opt/Sming/Sming/compiler/lib//libsming.a(escape.o)
 .rodata._ZZ12uri_unescapeE12__FUNCTION__
                0x000000003ffea26a        0xd /opt/Sming/Sming/compiler/lib//libsming.a(escape.o)
 .rodata.str1.1
                0x0000000000000000       0x17 /opt/Sming/Sming/compiler/lib//libsming.a(websocket.o)
 .rodata._ZZ17wsParseInputFramePhjPS_PjE12__FUNCTION__
                0x000000003ffea277       0x12 /opt/Sming/Sming/compiler/lib//libsming.a(websocket.o)
 .rodata._ZZ11wsMakeFramePKhjPhPj11wsFrameTypeE12__FUNCTION__
                0x000000003ffea289        0xc /opt/Sming/Sming/compiler/lib//libsming.a(websocket.o)
 .rodata.str1.1
                0x000000003ffea295       0x80 /opt/Sming/Sming/compiler/lib//libsming.a(DHT.o)
 .rodata.str1.1
                0x000000003ffea315       0x59 /opt/Sming/Sming/compiler/lib//libsming.a(flashmem.o)
 *fill*         0x000000003ffea36e        0x2 
 .rodata.CSWTCH$11
                0x000000003ffea370       0x14 /opt/Sming/Sming/compiler/lib//libsming.a(flashmem.o)
 .rodata.str1.1
                0x000000003ffea384       0x1e /opt/Sming/Sming/compiler/lib//libsming.a(TcpClient.o)
 *fill*         0x000000003ffea3a2        0x2 
 .rodata._ZTV9TcpClient
                0x000000003ffea3a4       0x3c /opt/Sming/Sming/compiler/lib//libsming.a(TcpClient.o)
                0x000000003ffea3a4                vtable for TcpClient
 .rodata.str1.1
                0x0000000000000000        0x1 /opt/Sming/Sming/compiler/lib//libsming.a(CommandDelegate.o)
 *(.gnu.linkonce.r.*)
 *(.rodata1)
                0x000000003ffea3e0                __XT_EXCEPTION_TABLE__ = ABSOLUTE (.)
 *(.xt_except_table)
 *(.gcc_except_table)
 *(.gnu.linkonce.e.*)
 *(.gnu.version_r)
 *(.eh_frame)
                0x000000003ffea3e0                . = ((. + 0x3) & 0xfffffffffffffffc)
                0x000000003ffea3e0                __dso_handle = ABSOLUTE (.)
                0x000000003ffea3e0                __init_array_start = ABSOLUTE (.)
 *crtbegin.o(.ctors)
 *(EXCLUDE_FILE(*crtend.o) .ctors)
 .ctors         0x000000003ffea3e0        0x4 /opt/Sming/Sming/compiler/lib//libsming.a(user_main.o)
 .ctors         0x000000003ffea3e4        0x4 /opt/Sming/Sming/compiler/lib//libsming.a(System.o)
 .ctors         0x000000003ffea3e8        0x4 /opt/Sming/Sming/compiler/lib//libsming.a(m_printf.o)
 .ctors         0x000000003ffea3ec        0x4 /opt/Sming/Sming/compiler/lib//libsming.a(IPAddress.o)
 .ctors         0x000000003ffea3f0        0x4 /opt/Sming/Sming/compiler/lib//libsming.a(Print.o)
 .ctors         0x000000003ffea3f4        0x4 /opt/Sming/Sming/compiler/lib//libsming.a(WString.o)
 .ctors         0x000000003ffea3f8        0x4 /opt/Sming/Sming/compiler/lib//libsming.a(Interrupts.o)
 .ctors         0x000000003ffea3fc        0x4 /opt/Sming/Sming/compiler/lib//libsming.a(Digital.o)
 .ctors         0x000000003ffea400        0x4 out/build/app_app.a(application.o)
 .ctors         0x000000003ffea404        0x4 out/build/app_app.a(led.o)
 .ctors         0x000000003ffea408        0x4 out/build/app_app.a(wifi.o)
 .ctors         0x000000003ffea40c        0x4 out/build/app_app.a(server_ftp.o)
 .ctors         0x000000003ffea410        0x4 out/build/app_app.a(web_api.o)
 .ctors         0x000000003ffea414        0x4 out/build/app_app.a(web_http.o)
 .ctors         0x000000003ffea418        0x4 out/build/app_app.a(web_socket.o)
 .ctors         0x000000003ffea41c        0x4 /opt/Sming/Sming/compiler/lib//libsming.a(WMath.o)
 .ctors         0x000000003ffea420        0x4 /opt/Sming/Sming/compiler/lib//libsming.a(DataSourceStream.o)
 .ctors         0x000000003ffea424        0x4 /opt/Sming/Sming/compiler/lib//libsming.a(HardwareSerial.o)
 .ctors         0x000000003ffea428        0x4 /opt/Sming/Sming/compiler/lib//libsming.a(FTPServer.o)
 .ctors         0x000000003ffea42c        0x4 /opt/Sming/Sming/compiler/lib//libsming.a(FTPServerConnection.o)
 .ctors         0x000000003ffea430        0x4 /opt/Sming/Sming/compiler/lib//libsming.a(HttpRequest.o)
 .ctors         0x000000003ffea434        0x4 /opt/Sming/Sming/compiler/lib//libsming.a(HttpResponse.o)
 .ctors         0x000000003ffea438        0x4 /opt/Sming/Sming/compiler/lib//libsming.a(HttpServer.o)
 .ctors         0x000000003ffea43c        0x4 /opt/Sming/Sming/compiler/lib//libsming.a(HttpServerConnection.o)
 .ctors         0x000000003ffea440        0x4 /opt/Sming/Sming/compiler/lib//libsming.a(TcpConnection.o)
 .ctors         0x000000003ffea444        0x4 /opt/Sming/Sming/compiler/lib//libsming.a(TcpServer.o)
 .ctors         0x000000003ffea448        0x4 /opt/Sming/Sming/compiler/lib//libsming.a(WebSocket.o)
 .ctors         0x000000003ffea44c        0x4 /opt/Sming/Sming/compiler/lib//libsming.a(AccessPoint.o)
 .ctors         0x000000003ffea450        0x4 /opt/Sming/Sming/compiler/lib//libsming.a(Station.o)
 .ctors         0x000000003ffea454        0x4 /opt/Sming/Sming/compiler/lib//libsming.a(WDT.o)
 .ctors         0x000000003ffea458        0x4 /opt/Sming/Sming/compiler/lib//libsming.a(ArduinoJson.o)
 .ctors         0x000000003ffea45c        0x4 /opt/Sming/Sming/compiler/lib//libsming.a(CommandExecutor.o)
 .ctors         0x000000003ffea460        0x4 /opt/Sming/Sming/compiler/lib//libsming.a(CommandHandler.o)
 .ctors         0x000000003ffea464        0x4 /opt/Sming/Sming/compiler/lib//libsming.a(CommandOutput.o)
 .ctors         0x000000003ffea468        0x4 /opt/Sming/Sming/compiler/lib//libsming.a(DHT.o)
 .ctors         0x000000003ffea46c        0x4 /opt/Sming/Sming/compiler/lib//libsming.a(WS2812.o)
 .ctors         0x000000003ffea470        0x4 /opt/Sming/Sming/compiler/lib//libsming.a(Clock.o)
 .ctors         0x000000003ffea474        0x4 /opt/Sming/Sming/compiler/lib//libsming.a(SystemClock.o)
 .ctors         0x000000003ffea478        0x4 /opt/Sming/Sming/compiler/lib//libsming.a(TcpClient.o)
 .ctors         0x000000003ffea47c        0x4 /opt/Sming/Sming/compiler/lib//libsming.a(RTC.o)
 .ctors         0x000000003ffea480        0x4 /opt/Sming/Sming/compiler/lib//libsming.a(CommandDelegate.o)
 .ctors         0x000000003ffea484        0x4 /opt/Sming/Sming/compiler/lib//libsming.a(DateTime.o)
 *(SORT(.ctors.*))
 *(.ctors)
                0x000000003ffea488                __init_array_end = ABSOLUTE (.)
 *crtbegin.o(.dtors)
 *(EXCLUDE_FILE(*crtend.o) .dtors)
 .dtors         0x000000003ffea488        0x4 /opt/Sming/Sming/compiler/lib//libsming.a(System.o)
 .dtors         0x000000003ffea48c        0x4 /opt/Sming/Sming/compiler/lib//libsming.a(Interrupts.o)
 .dtors         0x000000003ffea490        0x4 out/build/app_app.a(led.o)
 .dtors         0x000000003ffea494        0x4 out/build/app_app.a(wifi.o)
 .dtors         0x000000003ffea498        0x4 out/build/app_app.a(server_ftp.o)
 .dtors         0x000000003ffea49c        0x4 out/build/app_app.a(web_socket.o)
 .dtors         0x000000003ffea4a0        0x4 /opt/Sming/Sming/compiler/lib//libsming.a(HardwareSerial.o)
 .dtors         0x000000003ffea4a4        0x4 /opt/Sming/Sming/compiler/lib//libsming.a(Station.o)
 .dtors         0x000000003ffea4a8        0x4 /opt/Sming/Sming/compiler/lib//libsming.a(CommandHandler.o)
 *(SORT(.dtors.*))
 *(.dtors)
                0x000000003ffea4ac                __XT_EXCEPTION_DESCS__ = ABSOLUTE (.)
 *(.xt_except_desc)
 *(.gnu.linkonce.h.*)
                0x000000003ffea4ac                __XT_EXCEPTION_DESCS_END__ = ABSOLUTE (.)
 *(.xt_except_desc_end)
 *(.dynamic)
 *(.gnu.version_d)
                0x000000003ffea4ac                . = ALIGN (0x4)
                0x000000003ffea4ac                _bss_table_start = ABSOLUTE (.)
                0x000000003ffea4ac        0x4 LONG 0x3ffea4b8 _bss_start
                0x000000003ffea4b0        0x4 LONG 0x3fff1540 _bss_end
                0x000000003ffea4b4                _bss_table_end = ABSOLUTE (.)
                0x000000003ffea4b4                _rodata_end = ABSOLUTE (.)

.bss            0x000000003ffea4b8     0x7088
                0x000000003ffea4b8                . = ALIGN (0x8)
                0x000000003ffea4b8                _bss_start = ABSOLUTE (.)
 *(.dynsbss)
 *(.sbss)
 *(.sbss.*)
 *(.gnu.linkonce.sb.*)
 *(.scommon)
 *(.sbss2)
 *(.sbss2.*)
 *(.gnu.linkonce.sb2.*)
 *(.dynbss)
 *(.bss)
 *fill*         0x000000003ffea4b8        0x8 
 .bss           0x000000003ffea4c0      0x1c0 /opt/esp-open-sdk/sdk/lib/libmain.a(nmi-vector.o)
 .bss           0x000000003ffea680       0x41 /opt/esp-open-sdk/sdk/lib/libmain.a(app_main.o)
                0x000000003ffea684                info
                0x000000003ffea6a8                lwip_timer_interval
                0x000000003ffea6ac                check_timeouts_timer
                0x000000003ffea6c0                user_init_flag
 *fill*         0x000000003ffea6c1        0xf 
 .bss           0x000000003ffea6d0       0x30 /opt/esp-open-sdk/sdk/lib/libmain.a(ets_timer.o)
                0x000000003ffea6d0                timer_list
                0x000000003ffea6d4                debug_timer
                0x000000003ffea6d8                debug_timerfn
 .bss           0x000000003ffea700       0x3c /opt/esp-open-sdk/sdk/lib/libmain.a(mem_manager.o)
 .bss           0x000000003ffea73c        0x4 /opt/esp-open-sdk/sdk/lib/libmain.a(spi_flash.o)
                0x000000003ffea73c                flash_read
 .bss           0x000000003ffea740      0x242 /opt/esp-open-sdk/sdk/lib/libmain.a(user_interface.o)
                0x000000003ffea837                deep_sleep_flag
                0x000000003ffea838                cpu_overclock
                0x000000003ffea83c                event_cb
                0x000000003ffea840                status_led_output_level
                0x000000003ffea844                done_cb
                0x000000003ffea848                rst_if
                0x000000003ffea864                default_interface
                0x000000003ffea865                OpmodChgIsOnGoing
                0x000000003ffea868                promiscuous_cb
                0x000000003ffea880                event_TaskQueue
 *fill*         0x000000003ffea982        0x2 
 .bss           0x000000003ffea984        0xc /opt/esp-open-sdk/sdk/lib/libmain.a(eagle_lwip_if.o)
                0x000000003ffea984                hostname
 .bss           0x000000003ffea990        0x4 /opt/esp-open-sdk/sdk/lib/libphy.a(phy.o)
 .bss           0x000000003ffea994        0x2 /opt/esp-open-sdk/sdk/lib/libphy.a(phy_chip_v6_ana.o)
                0x000000003ffea994                tout_dis_txpwr_track
                0x000000003ffea995                sleep_mode_flag
 *fill*         0x000000003ffea996        0x2 
 .bss           0x000000003ffea998      0x160 /opt/esp-open-sdk/sdk/lib/libphy.a(phy_chip_v6.o)
                0x000000003ffea998                g_phyFuns
                0x000000003ffea99c                rxiq_compute_num
                0x000000003ffea9a0                rx_table_renew_en
                0x000000003ffea9a4                check_result
                0x000000003ffea9a8                chip6_sleep_params
                0x000000003ffeaa3c                chip6_phy_init_ctrl
                0x000000003ffeaab0                phy_freq_offset
                0x000000003ffeaab2                do_pwctrl_flag
                0x000000003ffeaab3                pwctrl_debug
                0x000000003ffeaab4                txbk_dpdby_flag
                0x000000003ffeaab6                sw_scan_mode
                0x000000003ffeaab7                rxmax_ext_level
                0x000000003ffeaab8                phy_rx_gain_dc_table
                0x000000003ffeaacc                periodic_cal_dc_num
                0x000000003ffeaad0                periodic_cal_flag
                0x000000003ffeaad1                bbpll_cal_flag
                0x000000003ffeaad2                phy_in_most_power
                0x000000003ffeaad3                init_rf_no_cal
                0x000000003ffeaad4                test_print_time
                0x000000003ffeaad8                phy_rx_gain_dc_flag
                0x000000003ffeaad9                phy_in_vdd33_offset
                0x000000003ffeaada                phy_set_most_tpw_disbg
                0x000000003ffeaadb                phy_set_most_tpw_index
                0x000000003ffeaadc                adc_rand_noise
                0x000000003ffeaae0                dpd_bypass_original
                0x000000003ffeaae8                noise_array
 .bss           0x000000003ffeaaf8        0x8 /opt/esp-open-sdk/sdk/lib/libphy.a(phy_chip_v6_cal.o)
                0x000000003ffeaaf8                phy_tx_power_out
                0x000000003ffeaafa                loop_pwctrl_pwdet_error_accum_high_power
                0x000000003ffeaafc                tx_pwctrl_pk_num
                0x000000003ffeaafd                tx_pwctrl_track_num
                0x000000003ffeaafe                loop_pwctrl_correct_atten_high_power
                0x000000003ffeaaff                rxiq_cover_fail_num
 .bss           0x000000003ffeab00        0x7 /opt/esp-open-sdk/sdk/lib/libphy.a(phy_sleep.o)
                0x000000003ffeab00                periodic_cal_sat
                0x000000003ffeab02                lslp_mem_opt_8266
                0x000000003ffeab04                software_slp_reject
                0x000000003ffeab05                SDIO_slp_reject
                0x000000003ffeab06                hardware_reject
 *fill*         0x000000003ffeab07        0x9 
 .bss           0x000000003ffeab10       0x40 /opt/esp-open-sdk/sdk/lib/libpp.a(if_hwctrl.o)
                0x000000003ffeab10                interface_mask
                0x000000003ffeab30                if_ctrl
 .bss           0x000000003ffeab50      0x150 /opt/esp-open-sdk/sdk/lib/libpp.a(lmac.o)
                0x000000003ffeab54                lmacConfMib
 .bss           0x000000003ffeaca0      0x11a /opt/esp-open-sdk/sdk/lib/libpp.a(pm.o)
                0x000000003ffeaca0                pmc
                0x000000003ffead80                flash_tmp
 *fill*         0x000000003ffeadba        0x2 
 .bss           0x000000003ffeadbc       0x34 /opt/esp-open-sdk/sdk/lib/libpp.a(pm_for_bcn_only_mode.o)
 .bss           0x000000003ffeadf0      0x322 /opt/esp-open-sdk/sdk/lib/libpp.a(pp.o)
                0x000000003ffeae08                pend_flag_noise_check
                0x000000003ffeae10                pend_flag_periodic_cal
                0x000000003ffeae28                idle_timer_reopen_flag
                0x000000003ffeae2a                dbg_stop_sw_wdt
                0x000000003ffeae2b                dbg_stop_hw_wdt
                0x000000003ffeae2d                total_buffed_eb_num
                0x000000003ffeae30                HighestFreqOffsetInOneChk
                0x000000003ffeae32                LowestFreqOffsetInOneChk
                0x000000003ffeae34                DefFreqCalTimer
                0x000000003ffeae48                PktNumInOneChk
                0x000000003ffeafd0                buffed_eb_arr
 *fill*         0x000000003ffeb112        0xe 
 .bss           0x000000003ffeb120      0x100 /opt/esp-open-sdk/sdk/lib/libpp.a(rate_control.o)
 .bss           0x000000003ffeb220      0x46c /opt/esp-open-sdk/sdk/lib/libpp.a(trc.o)
 *fill*         0x000000003ffeb68c        0x4 
 .bss           0x000000003ffeb690     0x2f88 /opt/esp-open-sdk/sdk/lib/libpp.a(wdev.o)
                0x000000003ffeb690                wDevCtrl
                0x000000003ffeb838                WdevTimOffSet
 *fill*         0x000000003ffee618        0x8 
 .bss           0x000000003ffee620      0xac4 /opt/esp-open-sdk/sdk/lib/libpp.a(esf_buf.o)
 .bss           0x000000003ffef0e4      0x67c /opt/esp-open-sdk/sdk/lib/libnet80211.a(ieee80211.o)
                0x000000003ffef0e4                g_ic
 .bss           0x000000003ffef760       0x56 /opt/esp-open-sdk/sdk/lib/libnet80211.a(ieee80211_hostap.o)
                0x000000003ffef760                BcnEb_update
                0x000000003ffef76d                BcnWithMcastSendStart
                0x000000003ffef76e                BcnWithMcastSendCnt
                0x000000003ffef788                PendFreeBcnEb
                0x000000003ffef78c                ApFreqCalTimer
                0x000000003ffef7a0                APRecvBcnStartTick
 *fill*         0x000000003ffef7b6        0x2 
 .bss           0x000000003ffef7b8       0xc8 /opt/esp-open-sdk/sdk/lib/libnet80211.a(ieee80211_scan.o)
                0x000000003ffef7b8                gScanStruct
                0x000000003ffef864                connect_scan_flag
                0x000000003ffef865                FreqCalCntForScan
                0x000000003ffef866                TestStaFreqCalValInput
                0x000000003ffef868                auth_type
                0x000000003ffef86a                scannum
 .bss           0x000000003ffef880       0x10 /opt/esp-open-sdk/sdk/lib/libnet80211.a(ieee80211_sta.o)
 .bss           0x000000003ffef890       0x3c /opt/esp-open-sdk/sdk/lib/libnet80211.a(wl_chm.o)
 *fill*         0x000000003ffef8cc        0x4 
 .bss           0x000000003ffef8d0      0x37a /opt/esp-open-sdk/sdk/lib/libnet80211.a(wl_cnx.o)
                0x000000003ffefc30                sta_con_timer
                0x000000003ffefc44                g_cnx_probe_rc_list_cb
                0x000000003ffefc48                reconnect_flag
                0x000000003ffefc49                no_ap_found_index
 *fill*         0x000000003ffefc4a        0x2 
 .bss           0x000000003ffefc4c       0x10 /opt/esp-open-sdk/sdk/lib/libnet80211.a(ieee80211_action_vendor.o)
 *fill*         0x000000003ffefc5c        0x4 
 .bss           0x000000003ffefc60       0x38 /opt/esp-open-sdk/sdk/lib/liblwip.a(dhcp.o)
                0x000000003ffefc60                dhcp_rx_options_given
                0x000000003ffefc70                dhcp_rx_options_val
 .bss           0x000000003ffefc98       0x28 /opt/esp-open-sdk/sdk/lib/liblwip.a(dhcpserver.o)
 .bss           0x000000003ffefcc0      0x480 /opt/esp-open-sdk/sdk/lib/liblwip.a(dns.o)
 .bss           0x000000003fff0140       0x78 /opt/esp-open-sdk/sdk/lib/liblwip.a(espconn_tcp.o)
                0x000000003fff0140                espconn_TaskQueue
 *fill*         0x000000003fff01b8        0x8 
 .bss           0x000000003fff01c0      0x100 /opt/esp-open-sdk/sdk/lib/liblwip.a(etharp.o)
                0x000000003fff01c4                ethzero
 .bss           0x000000003fff02c0       0x10 /opt/esp-open-sdk/sdk/lib/liblwip.a(ip_addr.o)
 .bss           0x000000003fff02d0       0x12 /opt/esp-open-sdk/sdk/lib/liblwip.a(ip.o)
                0x000000003fff02d0                current_iphdr_dest
                0x000000003fff02d4                current_iphdr_src
                0x000000003fff02d8                current_netif
                0x000000003fff02dc                current_header
 *fill*         0x000000003fff02e2        0x2 
 .bss           0x000000003fff02e4        0x9 /opt/esp-open-sdk/sdk/lib/liblwip.a(netif.o)
                0x000000003fff02e4                netif_list
                0x000000003fff02e8                netif_default
 *fill*         0x000000003fff02ed        0x3 
 .bss           0x000000003fff02f0        0x4 /opt/esp-open-sdk/sdk/lib/liblwip.a(raw.o)
 .bss           0x000000003fff02f4       0x34 /opt/esp-open-sdk/sdk/lib/liblwip.a(tcp_in.o)
                0x000000003fff0324                tcp_input_pcb
 .bss           0x000000003fff0328       0x1c /opt/esp-open-sdk/sdk/lib/liblwip.a(tcp.o)
                0x000000003fff032c                tcp_active_pcbs
                0x000000003fff0330                tcp_tmp_pcb
                0x000000003fff0334                tcp_tw_pcbs
                0x000000003fff0338                tcp_bound_pcbs
                0x000000003fff033c                tcp_listen_pcbs
                0x000000003fff0340                tcp_ticks
 .bss           0x000000003fff0344        0xc /opt/esp-open-sdk/sdk/lib/liblwip.a(timers.o)
 .bss           0x000000003fff0350        0x4 /opt/esp-open-sdk/sdk/lib/liblwip.a(udp.o)
                0x000000003fff0350                udp_pcbs
 *fill*         0x000000003fff0354        0xc 
 .bss           0x000000003fff0360      0x104 /opt/esp-open-sdk/sdk/lib/liblwip.a(espconn.o)
                0x000000003fff0360                plink_active
                0x000000003fff0364                pserver_list
                0x000000003fff0370                premot
                0x000000003fff0430                pktinfo
 .bss           0x000000003fff0464        0xc /opt/esp-open-sdk/sdk/lib/liblwip.a(igmp.o)
 .bss           0x000000003fff0470      0x26a /opt/esp-open-sdk/sdk/lib/libwpa.a(wpa.o)
 *fill*         0x000000003fff06da        0x6 
 .bss           0x000000003fff06e0        0x8 /opt/esp-open-sdk/sdk/lib/libnet80211.a(ieee80211_crypto_tkip.o)
 *(.bss.*)
 .bss._ZL5ESP01
                0x000000003fff06e8       0x30 /opt/Sming/Sming/compiler/lib//libsming.a(user_main.o)
 .bss._ZL11INADDR_NONE
                0x000000003fff0718        0x8 /opt/Sming/Sming/compiler/lib//libsming.a(user_main.o)
 .bss.System    0x000000003fff0720       0x2c /opt/Sming/Sming/compiler/lib//libsming.a(System.o)
                0x000000003fff0720                System
 .bss._ZL5ESP01
                0x000000003fff074c       0x30 /opt/Sming/Sming/compiler/lib//libsming.a(m_printf.o)
 .bss._ZL11INADDR_NONE
                0x000000003fff077c        0x8 /opt/Sming/Sming/compiler/lib//libsming.a(m_printf.o)
 .bss._ZL5ESP01
                0x000000003fff0784       0x30 /opt/Sming/Sming/compiler/lib//libsming.a(IPAddress.o)
 .bss._ZL11INADDR_NONE
                0x000000003fff07b4        0x8 /opt/Sming/Sming/compiler/lib//libsming.a(Print.o)
 .bss._ZZN6StringixEjE19dummy_writable_char
                0x000000003fff07bc        0x1 /opt/Sming/Sming/compiler/lib//libsming.a(WString.o)
 *fill*         0x000000003fff07bd        0x3 
 .bss._ZL11INADDR_NONE
                0x000000003fff07c0        0x8 /opt/Sming/Sming/compiler/lib//libsming.a(WString.o)
 .bss._delegateFunctionList
                0x000000003fff07c8       0x40 /opt/Sming/Sming/compiler/lib//libsming.a(Interrupts.o)
                0x000000003fff07c8                _delegateFunctionList
 .bss._ZL11INADDR_NONE
                0x000000003fff0808        0x8 /opt/Sming/Sming/compiler/lib//libsming.a(Interrupts.o)
 .bss._ZL11INADDR_NONE
                0x000000003fff0810        0x8 /opt/Sming/Sming/compiler/lib//libsming.a(Digital.o)
 .bss._ZL5ESP01
                0x000000003fff0818       0x30 out/build/app_app.a(application.o)
 .bss._ZL11INADDR_NONE
                0x000000003fff0848        0x8 out/build/app_app.a(application.o)
 .bss.autoOFFTimer
                0x000000003fff0850       0x30 out/build/app_app.a(led.o)
                0x000000003fff0850                autoOFFTimer
 .bss.status    0x000000003fff0880        0x1 out/build/app_app.a(led.o)
                0x000000003fff0880                status
 *fill*         0x000000003fff0881        0x3 
 .bss._ZL5ESP01
                0x000000003fff0884       0x30 out/build/app_app.a(led.o)
 .bss._ZL11INADDR_NONE
                0x000000003fff08b4        0x8 out/build/app_app.a(led.o)
 .bss.serverStatus
                0x000000003fff08bc        0x1 out/build/app_app.a(wifi.o)
                0x000000003fff08bc                serverStatus
 *fill*         0x000000003fff08bd        0x3 
 .bss.server    0x000000003fff08c0       0x80 out/build/app_app.a(wifi.o)
                0x000000003fff08c0                server
 .bss._ZL5ESP01
                0x000000003fff0940       0x30 out/build/app_app.a(wifi.o)
 .bss._ZL11INADDR_NONE
                0x000000003fff0970        0x8 out/build/app_app.a(wifi.o)
 .bss.ftp       0x000000003fff0978       0x38 out/build/app_app.a(server_ftp.o)
                0x000000003fff0978                ftp
 .bss._ZL5ESP01
                0x000000003fff09b0       0x30 out/build/app_app.a(server_ftp.o)
 .bss._ZL11INADDR_NONE
                0x000000003fff09e0        0x8 out/build/app_app.a(server_ftp.o)
 .bss._ZL5ESP01
                0x000000003fff09e8       0x30 out/build/app_app.a(web_api.o)
 .bss._ZL11INADDR_NONE
                0x000000003fff0a18        0x8 out/build/app_app.a(web_api.o)
 .bss._ZL5ESP01
                0x000000003fff0a20       0x30 out/build/app_app.a(web_http.o)
 .bss._ZL11INADDR_NONE
                0x000000003fff0a50        0x8 out/build/app_app.a(web_http.o)
 .bss.sendAdTimer
                0x000000003fff0a58       0x30 out/build/app_app.a(web_socket.o)
                0x000000003fff0a58                sendAdTimer
 .bss.totalActiveSockets
                0x000000003fff0a88        0x4 out/build/app_app.a(web_socket.o)
                0x000000003fff0a88                totalActiveSockets
 .bss.dht       0x000000003fff0a8c       0x40 out/build/app_app.a(web_socket.o)
                0x000000003fff0a8c                dht
 .bss._ZL5ESP01
                0x000000003fff0acc       0x30 out/build/app_app.a(web_socket.o)
 .bss._ZL11INADDR_NONE
                0x000000003fff0afc        0x8 out/build/app_app.a(web_socket.o)
 .bss.spiffs_cache
                0x000000003fff0b04      0x480 /opt/Sming/Sming/compiler/lib//libsming.a(spiffs_sming.o)
 .bss.spiffs_fds
                0x000000003fff0f84       0xe0 /opt/Sming/Sming/compiler/lib//libsming.a(spiffs_sming.o)
 .bss.spiffs_work_buf
                0x000000003fff1064      0x200 /opt/Sming/Sming/compiler/lib//libsming.a(spiffs_sming.o)
 .bss._ZL4seed  0x000000003fff1264        0x4 /opt/Sming/Sming/compiler/lib//libsming.a(WMath.o)
 .bss._ZL11INADDR_NONE
                0x000000003fff1268        0x8 /opt/Sming/Sming/compiler/lib//libsming.a(WMath.o)
 .bss._ZL11INADDR_NONE
                0x000000003fff1270        0x8 /opt/Sming/Sming/compiler/lib//libsming.a(DataSourceStream.o)
 .bss.Serial    0x000000003fff1278       0x18 /opt/Sming/Sming/compiler/lib//libsming.a(HardwareSerial.o)
                0x000000003fff1278                Serial
 .bss._ZN14HardwareSerial10memberDataE
                0x000000003fff1290       0x18 /opt/Sming/Sming/compiler/lib//libsming.a(HardwareSerial.o)
                0x000000003fff1290                HardwareSerial::memberData
 .bss._ZL11INADDR_NONE
                0x000000003fff12a8        0x8 /opt/Sming/Sming/compiler/lib//libsming.a(HardwareSerial.o)
 .bss._ZL11INADDR_NONE
                0x000000003fff12b0        0x8 /opt/Sming/Sming/compiler/lib//libsming.a(FTPServer.o)
 .bss._ZL11INADDR_NONE
                0x000000003fff12b8        0x8 /opt/Sming/Sming/compiler/lib//libsming.a(FTPServerConnection.o)
 .bss._ZL11INADDR_NONE
                0x000000003fff12c0        0x8 /opt/Sming/Sming/compiler/lib//libsming.a(HttpRequest.o)
 .bss._ZL11INADDR_NONE
                0x000000003fff12c8        0x8 /opt/Sming/Sming/compiler/lib//libsming.a(HttpResponse.o)
 .bss._ZL11INADDR_NONE
                0x000000003fff12d0        0x8 /opt/Sming/Sming/compiler/lib//libsming.a(HttpServer.o)
 .bss._ZL11INADDR_NONE
                0x000000003fff12d8        0x8 /opt/Sming/Sming/compiler/lib//libsming.a(HttpServerConnection.o)
 .bss._ZL11INADDR_NONE
                0x000000003fff12e0        0x8 /opt/Sming/Sming/compiler/lib//libsming.a(TcpConnection.o)
 .bss._ZN9TcpServer16totalConnectionsE
                0x000000003fff12e8        0x2 /opt/Sming/Sming/compiler/lib//libsming.a(TcpServer.o)
                0x000000003fff12e8                TcpServer::totalConnections
 *fill*         0x000000003fff12ea        0x2 
 .bss._ZL11INADDR_NONE
                0x000000003fff12ec        0x8 /opt/Sming/Sming/compiler/lib//libsming.a(TcpServer.o)
 .bss._ZL11INADDR_NONE
                0x000000003fff12f4        0x8 /opt/Sming/Sming/compiler/lib//libsming.a(WebSocket.o)
 .bss.WifiAccessPoint
                0x000000003fff12fc        0x8 /opt/Sming/Sming/compiler/lib//libsming.a(AccessPoint.o)
                0x000000003fff12fc                WifiAccessPoint
 .bss._ZL5ESP01
                0x000000003fff1304       0x30 /opt/Sming/Sming/compiler/lib//libsming.a(AccessPoint.o)
 .bss._ZL11INADDR_NONE
                0x000000003fff1334        0x8 /opt/Sming/Sming/compiler/lib//libsming.a(AccessPoint.o)
 .bss.WifiStation
                0x000000003fff133c       0x24 /opt/Sming/Sming/compiler/lib//libsming.a(Station.o)
                0x000000003fff133c                WifiStation
 .bss._ZL5ESP01
                0x000000003fff1360       0x30 /opt/Sming/Sming/compiler/lib//libsming.a(Station.o)
 .bss._ZL11INADDR_NONE
                0x000000003fff1390        0x8 /opt/Sming/Sming/compiler/lib//libsming.a(Station.o)
 .bss.WDT       0x000000003fff1398        0x8 /opt/Sming/Sming/compiler/lib//libsming.a(WDT.o)
                0x000000003fff1398                WDT
 .bss._ZN11ArduinoJson10JsonObject8_invalidE
                0x000000003fff13a0        0x8 /opt/Sming/Sming/compiler/lib//libsming.a(ArduinoJson.o)
                0x000000003fff13a0                ArduinoJson::JsonObject::_invalid
 .bss._ZN11ArduinoJson9JsonArray8_invalidE
                0x000000003fff13a8        0x8 /opt/Sming/Sming/compiler/lib//libsming.a(ArduinoJson.o)
                0x000000003fff13a8                ArduinoJson::JsonArray::_invalid
 .bss._ZL11INADDR_NONE
                0x000000003fff13b0        0x8 /opt/Sming/Sming/compiler/lib//libsming.a(CommandExecutor.o)
 .bss.commandHandler
                0x000000003fff13b8       0x1c /opt/Sming/Sming/compiler/lib//libsming.a(CommandHandler.o)
                0x000000003fff13b8                commandHandler
 .bss._ZL11INADDR_NONE
                0x000000003fff13d4        0x8 /opt/Sming/Sming/compiler/lib//libsming.a(CommandHandler.o)
 .bss._ZL11INADDR_NONE
                0x000000003fff13dc        0x8 /opt/Sming/Sming/compiler/lib//libsming.a(CommandOutput.o)
 .bss._ZL5ESP01
                0x000000003fff13e4       0x30 /opt/Sming/Sming/compiler/lib//libsming.a(DHT.o)
 .bss._ZL11INADDR_NONE
                0x000000003fff1414        0x8 /opt/Sming/Sming/compiler/lib//libsming.a(DHT.o)
 .bss._ZL5ESP01
                0x000000003fff141c       0x30 /opt/Sming/Sming/compiler/lib//libsming.a(WS2812.o)
 .bss._ZL11INADDR_NONE
                0x000000003fff144c        0x8 /opt/Sming/Sming/compiler/lib//libsming.a(WS2812.o)
 .bss._ZL11INADDR_NONE
                0x000000003fff1454        0x8 /opt/Sming/Sming/compiler/lib//libsming.a(Clock.o)
 *fill*         0x000000003fff145c        0x4 
 .bss.SystemClock
                0x000000003fff1460       0x18 /opt/Sming/Sming/compiler/lib//libsming.a(SystemClock.o)
                0x000000003fff1460                SystemClock
 .bss._ZL11INADDR_NONE
                0x000000003fff1478        0x8 /opt/Sming/Sming/compiler/lib//libsming.a(SystemClock.o)
 .bss._ZL11INADDR_NONE
                0x000000003fff1480        0x8 /opt/Sming/Sming/compiler/lib//libsming.a(TcpClient.o)
 .bss.RTC       0x000000003fff1488        0x1 /opt/Sming/Sming/compiler/lib//libsming.a(RTC.o)
                0x000000003fff1488                RTC
 *fill*         0x000000003fff1489        0x3 
 .bss._ZL11INADDR_NONE
                0x000000003fff148c        0x8 /opt/Sming/Sming/compiler/lib//libsming.a(CommandDelegate.o)
 .bss._ZL5ESP01
                0x000000003fff1494       0x30 /opt/Sming/Sming/compiler/lib//libsming.a(DateTime.o)
 .bss._ZL11INADDR_NONE
                0x000000003fff14c4        0x8 /opt/Sming/Sming/compiler/lib//libsming.a(DateTime.o)
 *(.gnu.linkonce.b.*)
 *(COMMON)
 COMMON         0x000000003fff14cc       0x70 /opt/Sming/Sming/compiler/lib//libsming.a(spiffs_sming.o)
                0x000000003fff14cc                _filesystemStorageHandle
                0x000000003fff1540                . = ALIGN (0x8)
 *fill*         0x000000003fff153c        0x4 
                0x000000003fff1540                _bss_end = ABSOLUTE (.)
                0x000000003fff1540                _heap_start = ABSOLUTE (.)

.irom0.text     0x0000000040209000    0x3da86
                0x0000000040209000                _irom0_text_start = ABSOLUTE (.)
 *(.irom0.literal .irom.literal .irom.text.literal .irom0.text .irom.text)
 .irom0.text    0x0000000040209000      0xa1d /opt/esp-open-sdk/sdk/lib/libmain.a(app_main.o)
                                        0xc31 (size before relaxing)
                0x00000000402091e8                wdt_init
                0x0000000040209290                user_uart_wait_tx_fifo_empty
                0x0000000040209544                user_rf_pre_init
 *fill*         0x0000000040209a1d        0x3 
 .irom0.text    0x0000000040209a20      0x186 /opt/esp-open-sdk/sdk/lib/libmain.a(ets_timer.o)
                                        0x1b2 (size before relaxing)
                0x0000000040209a28                ets_timer_done
                0x0000000040209a74                ets_timer_handler_isr
                0x0000000040209b44                ets_timer_init
 *fill*         0x0000000040209ba6        0x2 
 .irom0.text    0x0000000040209ba8       0xec /opt/esp-open-sdk/sdk/lib/libmain.a(mem_manager.o)
                                         0xf8 (size before relaxing)
                0x0000000040209ba8                check_memleak_debug_enable
                0x0000000040209c14                xPortGetFreeHeapSize
                0x0000000040209c1c                vPortInitialiseBlocks
 .irom0.text    0x0000000040209c94     0x3429 /opt/esp-open-sdk/sdk/lib/libmain.a(user_interface.o)
                                       0x3e31 (size before relaxing)
                0x0000000040209c98                system_set_os_print
                0x0000000040209ca8                system_get_os_print
                0x0000000040209e70                system_pp_recycle_rx_pkt
                0x0000000040209e84                system_adc_read
                0x0000000040209e9c                system_get_vdd33
                0x0000000040209eb4                system_restart_hook
                0x0000000040209ecc                system_restart_local
                0x0000000040209fac                system_restart
                0x000000004020a008                system_restore
                0x000000004020a070                system_get_flash_size_map
                0x000000004020a090                system_get_boot_version
                0x000000004020a0c8                system_get_test_result
                0x000000004020a0f0                system_get_userbin_addr
                0x000000004020a188                system_get_boot_mode
                0x000000004020a1b8                system_restart_enhance
                0x000000004020a2e8                system_upgrade_userbin_set
                0x000000004020a334                system_upgrade_userbin_check
                0x000000004020a374                system_upgrade_flag_set
                0x000000004020a388                system_upgrade_flag_check
                0x000000004020a3b0                system_upgrade_reboot
                0x000000004020a4e4                system_deep_sleep_instant
                0x000000004020a67c                system_deep_sleep
                0x000000004020a6dc                system_deep_sleep_set_option
                0x000000004020a6f8                system_phy_temperature_alert
                0x000000004020a70c                system_phy_set_max_tpw
                0x000000004020a720                system_phy_set_tpw_via_vdd33
                0x000000004020a734                system_phy_set_rfoption
                0x000000004020a748                system_phy_set_powerup_option
                0x000000004020a760                system_update_cpu_freq
                0x000000004020a7bc                system_get_cpu_freq
                0x000000004020a7d4                system_overclock
                0x000000004020a800                system_restoreclock
                0x000000004020a830                system_timer_reinit
                0x000000004020a848                system_relative_time
                0x000000004020a86c                system_station_got_ip_set
                0x000000004020a998                system_print_meminfo
                0x000000004020a9f8                system_get_free_heap_size
                0x000000004020aa10                system_get_chip_id
                0x000000004020aa34                system_rtc_clock_cali_proc
                0x000000004020aa48                system_get_rtc_time
                0x000000004020aa5c                system_mktime
                0x000000004020ab2c                system_init_done_cb
                0x000000004020ab34                system_get_rst_info
                0x000000004020ab3c                system_get_data_of_array_8
                0x000000004020ab60                system_get_data_of_array_16
                0x000000004020ab88                system_get_string_from_flash
                0x000000004020abf4                wifi_softap_dhcps_start
                0x000000004020ac3c                wifi_softap_dhcps_stop
                0x000000004020ac7c                wifi_softap_dhcps_status
                0x000000004020ac84                wifi_station_dhcpc_start
                0x000000004020acdc                wifi_station_dhcpc_stop
                0x000000004020ad1c                wifi_station_dhcpc_event
                0x000000004020ad90                wifi_station_dhcpc_set_maxtry
                0x000000004020ada0                wifi_station_dhcpc_status
                0x000000004020ae18                wifi_get_opmode
                0x000000004020ae2c                wifi_get_opmode_default
                0x000000004020aea8                wifi_get_broadcast_if
                0x000000004020aee4                wifi_set_broadcast_if
                0x000000004020b044                wifi_set_opmode
                0x000000004020b058                wifi_set_opmode_current
                0x000000004020b06c                system_get_checksum
                0x000000004020b0ac                wifi_param_save_protect_with_check
                0x000000004020b140                system_param_save_with_protect
                0x000000004020b1e8                system_save_sys_param
                0x000000004020b214                system_param_load
                0x000000004020b34c                wifi_station_get_config
                0x000000004020b360                wifi_station_get_config_default
                0x000000004020b380                wifi_station_get_ap_info
                0x000000004020b438                wifi_station_ap_number_set
                0x000000004020b79c                wifi_station_set_config
                0x000000004020b7b4                wifi_station_set_config_current
                0x000000004020b7cc                wifi_station_restore_config
                0x000000004020b7e4                wifi_station_get_current_ap_id
                0x000000004020b7f8                wifi_station_ap_check
                0x000000004020b840                wifi_station_ap_change
                0x000000004020b96c                wifi_station_scan
                0x000000004020b9b8                wifi_station_get_auto_connect
                0x000000004020b9cc                wifi_station_set_auto_connect
                0x000000004020ba1c                wifi_station_save_pmk2cache
                0x000000004020bad0                wifi_station_connect
                0x000000004020bb64                wifi_station_disconnect
                0x000000004020bc24                wifi_station_get_connect_status
                0x000000004020bc54                wifi_station_set_reconnect_policy
                0x000000004020bc6c                wifi_station_get_reconnect_policy
                0x000000004020bc74                wifi_station_get_rssi
                0x000000004020bcc4                wifi_station_set_default_hostname
                0x000000004020bd2c                wifi_station_get_hostname
                0x000000004020bd5c                wifi_station_set_hostname
                0x000000004020bdfc                wifi_softap_cacl_mac
                0x000000004020be6c                wifi_softap_set_default_ssid
                0x000000004020c04c                wifi_softap_get_config
                0x000000004020c060                wifi_softap_get_config_default
                0x000000004020c3b4                wifi_softap_set_config
                0x000000004020c3c8                wifi_softap_set_config_current
                0x000000004020c3dc                wifi_softap_set_station_info
                0x000000004020c448                wifi_softap_get_station_info
                0x000000004020c4f8                wifi_softap_free_station_info
                0x000000004020c540                wifi_softap_get_station_num
                0x000000004020c594                wifi_softap_deauth
                0x000000004020c644                wifi_softap_get_beacon_only_mode
                0x000000004020c658                wifi_softap_set_beacon_only_mode
                0x000000004020c6bc                wifi_register_user_ie_manufacturer_recv_cb
                0x000000004020c6d0                wifi_unregister_user_ie_manufacturer_recv_cb
                0x000000004020c704                wifi_set_user_ie
                0x000000004020c814                wifi_get_user_ie
                0x000000004020c848                wifi_get_phy_mode
                0x000000004020c850                wifi_set_phy_mode
                0x000000004020c918                wifi_set_sleep_type
                0x000000004020c934                wifi_get_sleep_type
                0x000000004020c94c                wifi_get_channel
                0x000000004020c964                wifi_set_channel
                0x000000004020c9a8                wifi_promiscuous_set_mac
                0x000000004020ca08                wifi_promiscuous_enable
                0x000000004020caec                wifi_set_promiscuous_rx_cb
                0x000000004020cafc                wifi_get_ip_info
                0x000000004020cb7c                wifi_set_ip_info
                0x000000004020cbf0                wifi_get_macaddr
                0x000000004020cc50                wifi_set_macaddr
                0x000000004020cd6c                wifi_enable_6m_rate
                0x000000004020cd74                wifi_get_user_fixed_rate
                0x000000004020cd94                wifi_set_user_fixed_rate
                0x000000004020cdb4                wifi_set_user_sup_rate
                0x000000004020cdf0                wifi_set_user_rate_limit
                0x000000004020ce14                wifi_get_user_limit_rate_mask
                0x000000004020ce1c                wifi_set_user_limit_rate_mask
                0x000000004020ce34                wifi_register_send_pkt_freedom_cb
                0x000000004020ce48                wifi_unregister_send_pkt_freedom_cb
                0x000000004020ce54                wifi_send_pkt_freedom
                0x000000004020cea0                wifi_rfid_locp_recv_open
                0x000000004020ceb4                wifi_rfid_locp_recv_close
                0x000000004020cec8                wifi_register_rfid_locp_recv_cb
                0x000000004020cedc                wifi_unregister_rfid_locp_recv_cb
                0x000000004020cef4                wifi_status_led_install
                0x000000004020cf28                wifi_status_led_uninstall
                0x000000004020cf4c                wifi_set_status_led_output_level
                0x000000004020cfa0                wifi_set_event_handler_cb
                0x000000004020cfe8                system_os_task
                0x000000004020d024                system_uart_swap
                0x000000004020d084                system_uart_de_swap
                0x000000004020d0b8                system_get_sdk_version
 *fill*         0x000000004020d0bd        0x3 
 .irom0.text    0x000000004020d0c0      0x610 /opt/esp-open-sdk/sdk/lib/libmain.a(eagle_lib.o)
                                        0x620 (size before relaxing)
                0x000000004020d0c4                divide
                0x000000004020d100                skip_atoi
                0x000000004020d280                ets_vsnprintf
                0x000000004020d5e0                ets_vsprintf
                0x000000004020d604                ets_sprintf
                0x000000004020d62c                ets_strcat
                0x000000004020d64c                ets_strrchr
                0x000000004020d678                ets_strchr
                0x000000004020d690                bit_popcount
                0x000000004020d6ac                ets_snprintf
 .irom0.text    0x000000004020d6d0      0x2f6 /opt/esp-open-sdk/sdk/lib/libmain.a(eagle_lwip_if.o)
                                        0x3b2 (size before relaxing)
                0x000000004020d788                eagle_lwip_if_alloc
                0x000000004020d938                eagle_lwip_if_free
                0x000000004020d9a4                eagle_lwip_getif
 *fill*         0x000000004020d9c6        0x2 
 .irom0.literal
                0x000000004020d9c8        0x0 /opt/Sming/Sming/compiler/lib//libmicroc.a(strchr.o)
                                          0x4 (size before relaxing)
 .irom0.literal
                0x000000004020d9c8        0x0 /opt/Sming/Sming/compiler/lib//libmicroc.a(strrchr.o)
                                          0x4 (size before relaxing)
 .irom0.literal
                0x000000004020d9c8        0xc /opt/Sming/Sming/compiler/lib//libmicroc.a(strchrnul.o)
 .irom0.literal
                0x000000004020d9d4        0x4 /opt/Sming/Sming/compiler/lib//libmicroc.a(malloc.o)
                                         0x14 (size before relaxing)
 .irom0.literal
                0x000000004020d9d8        0x4 /opt/Sming/Sming/compiler/lib//libmicroc.a(abort.o)
                                          0x8 (size before relaxing)
 .irom0.literal
                0x000000004020d9dc        0x0 /opt/Sming/Sming/compiler/lib//libmicroc.a(memchr.o)
                                          0x8 (size before relaxing)
 .irom0.literal
                0x000000004020d9dc        0x8 /opt/Sming/Sming/compiler/lib//libmicrogcc.a(_divsf3.o)
                                         0x10 (size before relaxing)
 .irom0.text    0x000000004020d9e4       0x25 /opt/Sming/Sming/compiler/lib//libmicroc.a(strchr.o)
                                         0x29 (size before relaxing)
                0x000000004020d9e4                strchr
 *fill*         0x000000004020da09        0x3 
 .irom0.text    0x000000004020da0c        0xf /opt/Sming/Sming/compiler/lib//libmicroc.a(strrchr.o)
                                         0x13 (size before relaxing)
                0x000000004020da0c                strrchr
 *fill*         0x000000004020da1b        0x1 
 .irom0.text    0x000000004020da1c       0x75 /opt/Sming/Sming/compiler/lib//libmicroc.a(strchrnul.o)
                0x000000004020da1c                __strchrnul
                0x000000004020da1c                strchrnul
 *fill*         0x000000004020da91        0x3 
 .irom0.text    0x000000004020da94       0x65 /opt/Sming/Sming/compiler/lib//libmicroc.a(malloc.o)
                0x000000004020da94                malloc
                0x000000004020daa8                free
                0x000000004020dabc                realloc
                0x000000004020dad0                zalloc
                0x000000004020dae4                calloc
 *fill*         0x000000004020daf9        0x3 
 .irom0.text    0x000000004020dafc       0x11 /opt/Sming/Sming/compiler/lib//libmicroc.a(abort.o)
                0x000000004020dafc                abort
 *fill*         0x000000004020db0d        0x3 
 .irom0.text    0x000000004020db10       0xfa /opt/esp-open-sdk/sdk/lib/libphy.a(phy.o)
                                        0x11e (size before relaxing)
                0x000000004020db14                rf_init
                0x000000004020db30                bb_init
                0x000000004020db48                phy_init
                0x000000004020db78                RFChannelSel
                0x000000004020db94                phy_delete_channel
                0x000000004020dbac                phy_enable_agc
                0x000000004020dbc4                phy_disable_agc
                0x000000004020dbdc                phy_initialize_bb
                0x000000004020dbf4                phy_set_sense
 *fill*         0x000000004020dc0a        0x2 
 .irom0.text    0x000000004020dc0c     0x16f7 /opt/esp-open-sdk/sdk/lib/libphy.a(phy_chip_v6_ana.o)
                                       0x18e3 (size before relaxing)
                0x000000004020dc10                ram_pbus_set_rxgain
                0x000000004020dce8                ram_pbus_debugmode
                0x000000004020dd9c                ram_pbus_xpd_tx_on
                0x000000004020de08                set_rf_freq_offset
                0x000000004020de7c                chip_v6_rxmax_ext_ana
                0x000000004020dfd0                ram_chip_v6_rx_init
                0x000000004020e004                tsen_meas
                0x000000004020e0b4                readvdd33
                0x000000004020e280                txpwr_offset
                0x000000004020e33c                set_txcap_reg
                0x000000004020e3bc                ram_ana_inf_gating_en
                0x000000004020e51c                ram_restart_cal
                0x000000004020e588                wait_rfpll_cal_end
                0x000000004020e61c                ram_rfpll_set_freq
                0x000000004020e728                ram_set_channel_freq
                0x000000004020ea28                chip_60_set_channel
                0x000000004020ebb8                chip_v6_set_chan_offset
                0x000000004020ebf4                chip_v6_set_chan
                0x000000004020ec88                chip_v6_set_chan_wakeup
                0x000000004020ed0c                chip_v6_rf_init
                0x000000004020ef30                low_power_set
                0x000000004020ef84                test_tout
                0x000000004020f0fc                check_data_flag
                0x000000004020f11c                phy_get_check_flag
                0x000000004020f250                phy_get_vdd33
 *fill*         0x000000004020f303        0x1 
 .irom0.text    0x000000004020f304     0x3c2f /opt/esp-open-sdk/sdk/lib/libphy.a(phy_chip_v6.o)
                                       0x4293 (size before relaxing)
                0x000000004020f304                ram_tx_mac_enable
                0x000000004020f308                ram_tx_mac_disable
                0x000000004020f30c                rtc_mem_backup
                0x000000004020f33c                rtc_mem_recovery
                0x000000004020f36c                set_cal_rxdc
                0x000000004020f420                set_rx_gain_cal_iq
                0x000000004020f77c                gen_rx_gain_table
                0x000000004020f8d4                pbus_set_rxbbgain
                0x000000004020f954                set_rx_gain_testchip_50
                0x000000004020fc88                ram_get_corr_power
                0x000000004020fd78                check_data_func
                0x000000004020fd98                do_noisefloor_lsleep_v50
                0x000000004020fdcc                do_noisefloor
                0x000000004020fe3c                start_dig_rx
                0x000000004020fe80                stop_dig_rx
                0x000000004020feac                chip_v6_set_chanfreq
                0x000000004020fed8                tx_cap_init
                0x000000004021008c                target_power_add_backoff
                0x00000000402100dc                tx_pwctrl_init_cal
                0x0000000040210244                tx_atten_set_interp
                0x00000000402104b4                tx_pwctrl_init
                0x00000000402105a8                ram_get_noisefloor
                0x00000000402105c4                get_noisefloor_sat
                0x00000000402105f4                ram_set_noise_floor
                0x0000000040210650                ram_start_noisefloor
                0x000000004021069c                read_hw_noisefloor
                0x00000000402106c8                noise_check_loop
                0x0000000040210824                noise_init
                0x0000000040210a24                target_power_backoff
                0x0000000040210a78                sdt_on_noise_start
                0x0000000040210af8                chip_v6_set_chan_rx_cmp
                0x0000000040210c84                chip_v6_set_chan_misc
                0x0000000040210d18                phy_dig_spur_set
                0x0000000040211070                phy_dig_spur_prot
                0x00000000402112a8                chip_v6_rxmax_ext_dig
                0x00000000402112f4                chip_v6_rxmax_ext
                0x00000000402113a8                phy_bb_rx_cfg
                0x00000000402117b0                uart_wait_idle
                0x00000000402117e8                phy_pbus_soc_cfg
                0x00000000402118a8                phy_gpio_cfg
                0x0000000040211bf0                tx_cont_en
                0x0000000040211c94                tx_cont_dis
                0x0000000040211ce8                tx_cont_cfg
                0x0000000040211d08                chip_v6_initialize_bb
                0x0000000040211e70                periodic_cal
                0x0000000040211f50                bbpll_cal
                0x0000000040211fe8                periodic_cal_top
                0x0000000040212048                register_chipv6_phy_init_param
                0x00000000402122ec                change_bbpll160_sleep
                0x0000000040212418                change_bbpll160
                0x0000000040212450                set_crystal_uart
                0x00000000402124e8                ant_switch_init
                0x0000000040212594                reduce_current_init
                0x00000000402125fc                rtc_mem_check
                0x0000000040212638                phy_afterwake_set_rfoption
                0x0000000040212658                deep_sleep_set_option
                0x0000000040212684                write_data_to_rtc
                0x00000000402126bc                get_data_from_rtc
                0x0000000040212744                register_chipv6_phy
                0x0000000040212b54                set_dpd_bypass
                0x0000000040212b7c                set_rf_gain_stage10
                0x0000000040212bac                get_vdd33_offset
                0x0000000040212c20                get_phy_target_power
                0x0000000040212cd4                set_most_pwr_reg
                0x0000000040212da8                phy_set_most_tpw
                0x0000000040212dc8                phy_vdd33_set_tpw
                0x0000000040212de0                get_adc_rand
                0x0000000040212e14                phy_get_rand
                0x0000000040212e2c                phy_tx_pwctrl_cali
                0x0000000040212e54                phy_check_data_table
                0x0000000040212e90                phy_after_init_enrx
                0x0000000040212ef4                phy_set_rx11b_reg
                0x0000000040212f28                phy_set_powerup_option
 *fill*         0x0000000040212f33        0x1 
 .irom0.text    0x0000000040212f34     0x21ac /opt/esp-open-sdk/sdk/lib/libphy.a(phy_chip_v6_cal.o)
                                       0x23ec (size before relaxing)
                0x0000000040212f34                txbbgain2dcoindex
                0x0000000040212f54                dcoindex2txbbgain
                0x0000000040212f78                init_cal_dcoffset
                0x000000004021303c                set_rfanagain_dc_reg
                0x00000000402130d8                set_txdc_pbus
                0x0000000040213144                get_rf_gain_qdb
                0x000000004021316c                correct_rf_ana_gain
                0x0000000040213274                get_sar_dout
                0x000000004021330c                cal_rf_ana_gain
                0x00000000402133e4                meas_tone_pwr_db
                0x0000000040213454                tx_pwr_backoff
                0x00000000402135a0                get_fcc_1m2m_pwr_offset
                0x00000000402135dc                ram_set_txbb_atten
                0x0000000040213670                txiq_get_mis_pwr
                0x0000000040213714                txiq_cover
                0x0000000040213930                ram_rfcal_txiq
                0x0000000040213ba0                rc_cal
                0x0000000040213d60                get_target_power_offset
                0x0000000040213e68                get_pwctrl_correct
                0x0000000040213ec4                tx_pwctrl_cal
                0x0000000040214254                tx_pwctrl_bg_init
                0x00000000402142cc                tx_pwctrl_background
                0x00000000402143a4                read_sar_dout
                0x0000000040214408                ram_get_fm_sar_dout
                0x00000000402144ac                ram_cal_tos_v60
                0x000000004021468c                ram_get_bb_atten
                0x00000000402146bc                ram_rfcal_txcap
                0x0000000040214880                ram_rfcal_pwrctrl
                0x0000000040214a9c                ram_rxiq_get_mis
                0x0000000040214c6c                ram_rxiq_cover_mg_mp
                0x0000000040214e10                ram_rfcal_rxiq
                0x000000004021501c                dpd_scale_set
                0x0000000040215064                dpd_mem_write
 .irom0.text    0x00000000402150e0      0xd82 /opt/esp-open-sdk/sdk/lib/libphy.a(phy_sleep.o)
                                        0xfaa (size before relaxing)
                0x00000000402150e0                pm_usec2rtc
                0x0000000040215114                pm_rtc2usec
                0x0000000040215124                pm_set_sleep_cycles
                0x000000004021514c                pm_sleep_opt
                0x0000000040215264                pm_wakeup_opt
                0x000000004021529c                get_chip_version
                0x00000000402152dc                pm_sleep_opt_bb_off
                0x000000004021531c                pm_sleep_opt_bb_on
                0x0000000040215368                pm_set_pll_xtal_wait_time
                0x00000000402153b0                pm_prepare_to_sleep
                0x00000000402153d4                pm_sdio_nidle
                0x0000000040215448                chg_lslp_mem_opt_8266
                0x0000000040215478                pm_goto_sleep
                0x00000000402155c4                pm_wait4wakeup
                0x0000000040215600                pm_open_rf
                0x0000000040215644                pm_sleep_set_mac
                0x00000000402156c8                pm_set_wakeup_mac
                0x0000000040215764                pm_check_mac_idle
                0x00000000402157bc                pm_set_sleep_btco
                0x000000004021585c                pm_set_wakeup_btco
                0x0000000040215974                pm_set_sleep_mode
                0x0000000040215a90                pm_unmask_bt
                0x0000000040215af8                pm_wakeup_init
                0x0000000040215d08                sleep_opt_8266
                0x0000000040215d28                sleep_opt_bb_on_8266
                0x0000000040215d60                sleep_reset_analog_rtcreg_8266
 *fill*         0x0000000040215e62        0x2 
 .irom0.text    0x0000000040215e64      0x469 /opt/esp-open-sdk/sdk/lib/libpp.a(if_hwctrl.o)
                                        0x581 (size before relaxing)
                0x0000000040215e84                ic_get_addr
                0x0000000040215e90                ic_set_opmode
                0x0000000040215ea4                ic_enable_interface
                0x0000000040215ef4                ic_interface_enabled
                0x0000000040215f08                ic_disable_interface
                0x0000000040215f50                ic_is_pure_sta
                0x0000000040215f6c                ic_get_ptk_alg
                0x0000000040215f7c                ic_get_gtk_alg
                0x0000000040215f8c                ic_set_ptk_alg
                0x0000000040215f9c                ic_set_gtk_alg
                0x0000000040215fac                ic_interface_is_p2p
                0x0000000040216044                ic_set_vif
                0x0000000040216104                ic_set_sta
                0x00000000402161dc                ic_bss_info_update
                0x0000000040216238                ic_set_key
                0x0000000040216294                ic_remove_key
                0x00000000402162a8                ic_get_rssi
 *fill*         0x00000000402162cd        0x3 
 .irom0.text    0x00000000402162d0      0x100 /opt/esp-open-sdk/sdk/lib/libpp.a(lmac.o)
                                        0x118 (size before relaxing)
                0x00000000402162d4                lmacInitAc
                0x0000000040216308                lmacInit
                0x00000000402163b4                lmacSetRetryLimit
 .irom0.text    0x00000000402163d0     0x1859 /opt/esp-open-sdk/sdk/lib/libpp.a(pm.o)
                                       0x1d41 (size before relaxing)
                0x00000000402163d8                pm_rtc_clock_cali_proc
                0x0000000040216410                pm_get_ck170_period
                0x0000000040216434                pm_set_sleep_time
                0x0000000040216798                pm_rf_is_closed
                0x00000000402167c8                pm_set_sleep_type_from_upper
                0x00000000402168b8                pm_get_sleep_type
                0x0000000040216a3c                uart_tx_flush
                0x0000000040216a40                pm_suspend
                0x0000000040216c60                pm_shutdown
                0x0000000040216d28                pm_reset_idle_sleep
                0x0000000040216d68                pm_idle_sleep
                0x0000000040216d74                pm_open
                0x0000000040216e3c                pm_onBcnRx
                0x00000000402171a4                StopLightSleepSetFunc
                0x00000000402171ac                LightSleepWakedCbSetFunc
                0x00000000402176a8                pm_enable_gpio_wakeup
                0x00000000402176e0                pm_attach
                0x00000000402177d4                pm_send_nullfunc
                0x0000000040217960                pm_is_waked
                0x0000000040217978                pm_is_open
                0x0000000040217990                pm_scan_lock
                0x00000000402179b8                pm_try_scan_unlock
                0x00000000402179d0                pm_force_scan_unlock
                0x0000000040217a4c                pm_scan_unlocked
                0x0000000040217a60                pm_allow_tx
                0x0000000040217a7c                pm_assoc_parse
                0x0000000040217a94                pm_set_addr
                0x0000000040217ab4                pm_sleep_for
                0x0000000040217ae4                pm_post
                0x0000000040217be8                pm_get_idle_wait_time
 *fill*         0x0000000040217c29        0x3 
 .irom0.text    0x0000000040217c2c      0xa91 /opt/esp-open-sdk/sdk/lib/libpp.a(pm_for_bcn_only_mode.o)
                                        0xe21 (size before relaxing)
                0x0000000040217c40                wifi_fpm_set_sleep_type
                0x0000000040217c40                fpm_set_type_from_upper
                0x0000000040217cfc                fpm_get_slp_type
                0x0000000040217cfc                wifi_fpm_get_sleep_type
                0x0000000040217d04                fpm_rf_is_closed
                0x0000000040217d18                fpm_is_open
                0x0000000040217d24                fpm_allow_tx
                0x0000000040217d48                fpm_close
                0x0000000040217d48                wifi_fpm_close
                0x0000000040217dc4                fpm_open
                0x0000000040217dc4                wifi_fpm_open
                0x0000000040217e2c                fpm_attach
                0x0000000040218010                wifi_fpm_set_wakeup_cb
                0x0000000040218010                fpm_set_wakeup_cb
                0x0000000040218180                fpm_do_wakeup
                0x0000000040218180                wifi_fpm_do_wakeup
                0x0000000040218644                fpm_do_sleep
                0x0000000040218644                wifi_fpm_do_sleep
 *fill*         0x00000000402186bd        0x3 
 .irom0.text    0x00000000402186c0     0x15b6 /opt/esp-open-sdk/sdk/lib/libpp.a(pp.o)
                                       0x1996 (size before relaxing)
                0x00000000402186cc                PPWdtReset
                0x0000000040218700                pp_soft_wdt_init
                0x0000000040218720                system_soft_wdt_feed
                0x0000000040218720                pp_soft_wdt_feed
                0x000000004021873c                pp_soft_wdt_stop
                0x000000004021873c                system_soft_wdt_stop
                0x0000000040218768                pp_soft_wdt_restart
                0x0000000040218768                system_soft_wdt_restart
                0x00000000402187a0                RxNodeNum
                0x00000000402187b8                TxNodeNum
                0x00000000402187dc                pp_disable_noise_timer
                0x00000000402187fc                pp_enable_noise_timer
                0x000000004021890c                pp_noise_test
                0x000000004021891c                reset_noise_timer
                0x0000000040218954                pp_disable_idle_timer
                0x0000000040218978                pp_enable_idle_timer
                0x00000000402189a0                pp_try_enable_idle_timer
                0x00000000402189dc                ppPeocessRxPktHdr
                0x0000000040218d24                HdlAllBuffedEb
                0x0000000040218dac                ppTxPkt
                0x0000000040218f14                ppProcessWaitQ
                0x0000000040218f24                ppRegisterTxCallback
                0x0000000040218f4c                ppUnregisterTxCallback
                0x0000000040218f80                ppRecycleRxPkt
                0x0000000040218fe0                ppCheckTxIdle
                0x0000000040219258                pp_tx_idle_timeout
                0x0000000040219414                DefFreqCalTimerCB
                0x0000000040219794                ppGetTxQFirstAvail_Locked
                0x0000000040219874                pp_attach
 *fill*         0x0000000040219c76        0x2 
 .irom0.text    0x0000000040219c78      0x296 /opt/esp-open-sdk/sdk/lib/libpp.a(rate_control.o)
                                        0x2a2 (size before relaxing)
                0x0000000040219ec4                RC_SetBasicRate
 *fill*         0x0000000040219f0e        0x2 
 .irom0.text    0x0000000040219f10      0x5e9 /opt/esp-open-sdk/sdk/lib/libpp.a(trc.o)
                                        0x64d (size before relaxing)
                0x0000000040219f10                phytype2mode
                0x0000000040219f2c                rc_set_rate_limit_id
                0x000000004021a048                rcUpdatePhyMode
                0x000000004021a214                rcAttach
                0x000000004021a260                rcGetTrc
                0x000000004021a268                trc_onDisconnect
                0x000000004021a26c                trc_onScanStart
                0x000000004021a280                trc_onScanDone
                0x000000004021a29c                rc_enable_trc
                0x000000004021a374                rc_get_mask
                0x000000004021a388                rc_disable_trc
                0x000000004021a3dc                rc_disable_trc_by_interface
                0x000000004021a3f8                rc_get_sta_trc
                0x000000004021a43c                rc_get_trc
                0x000000004021a4ac                rc_get_trc_by_index
                0x000000004021a4cc                rc_only_sta_trc
 *fill*         0x000000004021a4f9        0x3 
 .irom0.text    0x000000004021a4fc      0xaf7 /opt/esp-open-sdk/sdk/lib/libpp.a(wdev.o)
                                        0xc53 (size before relaxing)
                0x000000004021a508                wDev_Option_Init
                0x000000004021a5fc                wDev_Enable_Beacon_Tsf
                0x000000004021a618                wDev_Disable_Beacon_Tsf
                0x000000004021a634                wDev_Set_Beacon_Int
                0x000000004021a63c                wDev_Reset_TBTT
                0x000000004021a66c                wDev_Get_Next_TBTT
                0x000000004021a8e8                wDev_Initialize
                0x000000004021a958                wDevForceAck6M
                0x000000004021a974                wDev_SetMacAddress